06:51:42 [INFO] === ArchWiki 爬虫启动 ===
06:51:42 [INFO] 起始页: https://wiki.archlinuxcn.org/wiki/Main_page | 最大深度: -1 | 并发: 4 | 间隔: 1.0s
06:51:43 [INFO] 已加载 robots.txt: https://wiki.archlinuxcn.org/robots.txt
07:03:57 [INFO] === 爬取完成 ===
07:03:57 [INFO] 总页数=646 (分类=0, 文章=646) | 复用缓存=0 | 失败=88 | robots跳过=0
07:03:57 [INFO] 最大深度=6 | 图片=0 | 缓存大小=14.8 MB | 耗时=734.0s
03:57:47 [INFO] === ArchWiki 爬虫启动 ===
03:57:47 [INFO] 起始页: https://wiki.archlinuxcn.org/wiki/Main_page | 最大深度: -1 | 并发: 4 | 间隔: 1.0s
03:57:48 [INFO] 已加载 robots.txt: https://wiki.archlinuxcn.org/robots.txt
03:59:18 [INFO] === 爬取完成 ===
03:59:18 [INFO] 总页数=646 (分类=0, 文章=646) | 复用缓存=646 | 失败=88 | robots跳过=0
03:59:18 [INFO] 最大深度=6 | 图片=0 | 缓存大小=14.8 MB | 耗时=89.6s
04:00:49 [INFO] === ArchWiki 爬虫启动 ===
04:00:49 [INFO] 起始页: https://wiki.archlinuxcn.org/wiki/Main_page | 最大深度: -1 | 并发: 4 | 间隔: 1.0s
04:00:50 [INFO] 已加载 robots.txt: https://wiki.archlinuxcn.org/robots.txt
04:02:19 [INFO] === 爬取完成 ===
04:02:19 [INFO] 总页数=646 (分类=0, 文章=646) | 复用缓存=646 | 失败=88 | robots跳过=0
04:02:19 [INFO] 最大深度=6 | 图片=0 | 缓存大小=14.8 MB | 耗时=88.6s
03:56:52 [INFO] === ArchWiki 爬虫启动 ===
03:56:52 [INFO] 起始页: https://wiki.archlinuxcn.org/wiki/Main_page | 最大深度: -1 | 并发: 4 | 间隔: 1.0s
03:56:52 [INFO] 已加载 robots.txt: https://wiki.archlinuxcn.org/robots.txt
03:58:21 [INFO] === 爬取完成 ===
03:58:21 [INFO] 总页数=646 (分类=0, 文章=646) | 复用缓存=646 | 失败=88 | robots跳过=0
03:58:21 [INFO] 最大深度=6 | 图片=0 | 缓存大小=14.8 MB | 耗时=88.6s
03:57:48 [INFO] === ArchWiki 爬虫启动 ===
03:57:48 [INFO] 起始页: https://wiki.archlinuxcn.org/wiki/Main_page | 最大深度: -1 | 并发: 4 | 间隔: 1.0s
03:57:48 [INFO] 已加载 robots.txt: https://wiki.archlinuxcn.org/robots.txt
03:59:17 [INFO] === 爬取完成 ===
03:59:17 [INFO] 总页数=646 (分类=0, 文章=646) | 复用缓存=646 | 失败=88 | robots跳过=0
03:59:17 [INFO] 最大深度=6 | 图片=0 | 缓存大小=14.8 MB | 耗时=88.5s
03:57:07 [INFO] === ArchWiki 爬虫启动 ===
03:57:07 [INFO] 起始页: https://wiki.archlinuxcn.org/wiki/Main_page | 最大深度: -1 | 并发: 4 | 间隔: 1.0s
03:57:08 [INFO] 已加载 robots.txt: https://wiki.archlinuxcn.org/robots.txt
03:58:36 [INFO] === 爬取完成 ===
03:58:36 [INFO] 总页数=646 (分类=0, 文章=646) | 复用缓存=646 | 失败=88 | robots跳过=0
03:58:36 [INFO] 最大深度=6 | 图片=0 | 缓存大小=14.8 MB | 耗时=88.5s
03:59:30 [INFO] === ArchWiki 爬虫启动 ===
03:59:30 [INFO] 起始页: https://wiki.archlinuxcn.org/wiki/Main_page | 最大深度: -1 | 并发: 4 | 间隔: 1.0s
03:59:30 [INFO] 已加载 robots.txt: https://wiki.archlinuxcn.org/robots.txt
04:00:59 [INFO] === 爬取完成 ===
04:00:59 [INFO] 总页数=646 (分类=0, 文章=646) | 复用缓存=646 | 失败=88 | robots跳过=0
04:00:59 [INFO] 最大深度=6 | 图片=0 | 缓存大小=14.8 MB | 耗时=88.5s
03:55:17 [INFO] === ArchWiki 爬虫启动 ===
03:55:17 [INFO] 起始页: https://wiki.archlinuxcn.org/wiki/Main_page | 最大深度: -1 | 并发: 4 | 间隔: 1.0s
03:55:18 [INFO] 已加载 robots.txt: https://wiki.archlinuxcn.org/robots.txt
03:56:47 [INFO] === 爬取完成 ===
03:56:47 [INFO] 总页数=646 (分类=0, 文章=646) | 复用缓存=646 | 失败=88 | robots跳过=0
03:56:47 [INFO] 最大深度=6 | 图片=0 | 缓存大小=14.8 MB | 耗时=89.5s
03:58:46 [INFO] === ArchWiki 爬虫启动 ===
03:58:46 [INFO] 起始页: https://wiki.archlinuxcn.org/wiki/Main_page | 最大深度: -1 | 并发: 4 | 间隔: 1.0s
03:58:47 [INFO] 已加载 robots.txt: https://wiki.archlinuxcn.org/robots.txt
04:00:16 [INFO] === 爬取完成 ===
04:00:16 [INFO] 总页数=646 (分类=0, 文章=646) | 复用缓存=646 | 失败=88 | robots跳过=0
04:00:16 [INFO] 最大深度=6 | 图片=0 | 缓存大小=14.8 MB | 耗时=88.5s
04:03:26 [INFO] === ArchWiki 爬虫启动 ===
04:03:26 [INFO] 起始页: https://wiki.archlinuxcn.org/wiki/Main_page | 最大深度: -1 | 并发: 4 | 间隔: 1.0s
04:03:29 [INFO] 已加载 robots.txt: https://wiki.archlinuxcn.org/robots.txt
04:04:57 [INFO] === 爬取完成 ===
04:04:57 [INFO] 总页数=646 (分类=0, 文章=646) | 复用缓存=646 | 失败=88 | robots跳过=0
04:04:57 [INFO] 最大深度=6 | 图片=0 | 缓存大小=14.8 MB | 耗时=88.6s
03:58:18 [INFO] === ArchWiki 爬虫启动 ===
03:58:18 [INFO] 起始页: https://wiki.archlinuxcn.org/wiki/Main_page | 最大深度: -1 | 并发: 4 | 间隔: 1.0s
03:58:19 [INFO] 已加载 robots.txt: https://wiki.archlinuxcn.org/robots.txt
03:59:47 [INFO] === 爬取完成 ===
03:59:47 [INFO] 总页数=646 (分类=0, 文章=646) | 复用缓存=646 | 失败=88 | robots跳过=0
03:59:47 [INFO] 最大深度=6 | 图片=0 | 缓存大小=14.8 MB | 耗时=88.5s
04:01:43 [INFO] === ArchWiki 爬虫启动 ===
04:01:43 [INFO] 起始页: https://wiki.archlinuxcn.org/wiki/Main_page | 最大深度: -1 | 并发: 4 | 间隔: 1.0s
04:01:44 [INFO] 已加载 robots.txt: https://wiki.archlinuxcn.org/robots.txt
04:03:13 [INFO] === 爬取完成 ===
04:03:13 [INFO] 总页数=646 (分类=0, 文章=646) | 复用缓存=646 | 失败=88 | robots跳过=0
04:03:13 [INFO] 最大深度=6 | 图片=0 | 缓存大小=14.8 MB | 耗时=88.5s
